2025-01-04 16:37:00 | INFO | repo=pv243 | action=commit
2025-10-18 07:30:00 | WARN | repo=pv243 | action=commit
2025-08-11 14:27:00 | INFO | repo=pv243 | action=commit
2025-11-04 16:30:00 | INFO | repo=pv243 | action=test | passed=true
2025-04-09 10:20:00 | INFO | repo=pv243 | action=pull
2025-10-17 07:04:00 | INFO | repo=pv243 | action=test | passed=true
2025-11-21 08:20:00 | INFO | repo=pv243 | action=test | passed=true
2025-10-26 15:18:00 | DEBUG | repo=pv243 | action=commit
2025-08-06 10:50:00 | INFO | repo=pv243 | action=commit
2025-08-06 10:40:00 | WARN | repo=pv243 | action=commit
2025-07-24 13:25:00 | DEBUG | repo=pv243 | action=pull
2025-01-07 19:58:00 | DEBUG | repo=pv243 | action=commit
2025-03-24 19:38:00 | INFO | repo=pv243 | action=commit
2025-11-23 21:47:00 | WARN | repo=pv243 | action=edit | files=3
2025-03-04 09:44:00 | INFO | repo=pv243 | action=edit | files=3
2025-12-12 08:05:00 | DEBUG | repo=pv243 | action=commit
2025-05-14 08:42:00 | DEBUG | repo=pv243 | action=edit | files=2
2025-08-20 13:13:00 | INFO | repo=pv243 | action=commit
2025-06-11 07:30:00 | DEBUG | repo=pv243 | action=commit
2025-07-05 21:18:00 | WARN | repo=pv243 | action=test | passed=true
2025-12-04 08:23:00 | INFO | repo=pv243 | action=commit
2025-09-03 07:56:00 | INFO | repo=pv243 | action=commit
2025-10-03 19:17:00 | INFO | repo=pv243 | action=test | passed=true
2025-12-04 14:54:00 | WARN | repo=pv243 | action=pull
2025-06-10 20:58:00 | DEBUG | repo=pv243 | action=commit
2025-04-22 20:50:00 | INFO | repo=pv243 | action=edit | files=2
2025-07-17 09:31:00 | INFO | repo=pv243 | action=test | passed=true
2025-04-25 18:22:00 | DEBUG | repo=pv243 | action=commit
2025-01-11 13:51:00 | DEBUG | repo=pv243 | action=commit
2025-07-15 13:09:00 | WARN | repo=pv243 | action=edit | files=3
2025-10-07 13:49:00 | WARN | repo=pv243 | action=pull
2025-01-21 15:34:00 | INFO | repo=pv243 | action=commit
2025-02-22 07:03:00 | INFO | repo=pv243 | action=commit
2025-02-02 07:44:00 | DEBUG | repo=pv243 | action=commit
2025-11-25 17:55:00 | INFO | repo=pv243 | action=pull
2025-04-07 07:48:00 | INFO | repo=pv243 | action=pull
2025-04-24 19:30:00 | DEBUG | repo=pv243 | action=commit
2025-03-11 21:39:00 | WARN | repo=pv243 | action=commit
2025-01-01 10:59:00 | INFO | repo=pv243 | action=test | passed=true
2025-10-26 13:29:00 | WARN | repo=pv243 | action=edit | files=2
2025-11-07 14:08:00 | DEBUG | repo=pv243 | action=commit
2025-02-17 10:07:00 | INFO | repo=pv243 | action=edit | files=5
2025-04-06 12:41:00 | INFO | repo=pv243 | action=pull
2025-11-22 10:24:00 | INFO | repo=pv243 | action=commit
